{
  "v1": {
    "config": {},
    "releaseName": "integration-test-docker",
    "upstream": "__upstream__",
    "metadata": {
      "applicationType": "replicated.app",
      "customerID": "__customerID__",
      "installationID": "__installationID__",
      "license": {
        "assignee": "",
        "createdAt": "0001-01-01T00:00:00Z",
        "expiresAt": "0001-01-01T00:00:00Z",
        "id": "",
        "type": ""
      },
      "releaseNotes": "",
      "sequence": 0,
      "version": "1.0.0-SNAPSHOT"
    },
    "contentSHA": "3bd2fa7428599e61779c7896b3630cbe046a469874d7345c01148e3a68ccde65"
  }
}
