{
  "v1": {
    "config": {},
    "releaseName": "jenkins",
    "upstream": "github.com/helm/charts/tree/78858a2fb07aebe082efb11b8991b60e7fdd5d60/stable/jenkins",
    "kustomize": {
      "overlays": {
        "ship": {
          "excludedBases": [
            "/jenkins-test.yaml"
          ]
        }
      }
    },
    "metadata": {
      "applicationType": "helm",
      "icon": "https://wiki.jenkins-ci.org/download/attachments/2916393/logo.png",
      "name": "jenkins",
      "releaseNotes": "Added ExtraPorts to open in the master pod (#7759)\n\n* Added ExtraPorts to open in the master pod\n\nSigned-off-by: ecejjar \u003cjesus.javier.arauz@ericsson.com\u003e\n\n* [stable/jenkins] Bumped up chart version\n\nSigned-off-by: ecejjar \u003cjesus.javier.arauz@ericsson.com\u003e",
      "license": {
        "assignee": "",
        "createdAt": "0001-01-01T00:00:00Z",
        "expiresAt": "0001-01-01T00:00:00Z",
        "id": "",
        "type": ""
      },
      "sequence": 0,
      "version": "0.20.1"
    },
    "contentSHA": "f19d8cd21704fb28480ac2f4b590522cf1686ae3b2bc2c6e7eb71da9b169947a"
  }
}
