kind: ""
apiversion: ""
patchesStrategicMerge:
- jenkins-master-deployment.yaml
bases:
- ../defaults
