{
  "v1": {
    "config": {},
    "contentSHA": "80750c40d8cfb210c11ce5aba0ff0b0e56fe77e73f5fda3be121002a024d6777",
    "metadata": {
      "applicationType": "replicated.app",
      "customerID": "-Am-_6i5pw0u4AbspOwKN4lZUCn49u_G",
      "installationID": "Jn0nK8OlT3k9AYqpnq6SGqzo_srKjzjQ",
      "license": {
        "assignee": "",
        "createdAt": "0001-01-01T00:00:00Z",
        "expiresAt": "0001-01-01T00:00:00Z",
        "id": "",
        "type": ""
      },
      "releaseNotes": "",
      "sequence": 0,
      "version": "0.0.1-b"
    },
    "releaseName": "integration-test-aws-eks",
    "upstream": "__upstream__"
  }
}
