{
  "v1": {
    "config": {},
    "upstream": "__upstream__",
    "contentSHA": "492089992eb01a521db360b3b641af7409d66618a36fe2cd3106f89619768d8b",
    "metadata": {
      "applicationType": "replicated.app",
      "customerID": "__customerID__",
      "installationID": "__installationID__",
      "license": {
        "assignee": "",
        "createdAt": "0001-01-01T00:00:00Z",
        "expiresAt": "0001-01-01T00:00:00Z",
        "id": "",
        "type": ""
      },
      "releaseNotes": "integration tests",
      "sequence": 0,
      "version": "1.0.0-amazon-eks-template"
    },
    "releaseName": "integration-replicated-app-amazon-eks-template"
  }
}
