{
  "v1": {
    "config": {},
    "upstream": "__upstream__",
    "contentSHA": "33ab41091e94a8cc56140f3f0edf7e72380d0404421012e2c6a79435effa26d1",
    "metadata": {
      "applicationType": "replicated.app",
      "customerID": "__customerID__",
      "installationID": "__installationID__",
      "license": {
        "assignee": "",
        "createdAt": "0001-01-01T00:00:00Z",
        "expiresAt": "0001-01-01T00:00:00Z",
        "id": "",
        "type": ""
      },
      "releaseNotes": "integration tests",
      "sequence": 0,
      "version": "1.0.1-SNAPSHOT"
    },
    "releaseName": "integration-replicated-app-installation-template-func"
  }
}
