{
  "v1": {
    "config": {},
    "contentSHA": "902ee33d1589f9e15b1a37dce3d8750b0b9fe42d014e98b43c97443dd766c094",
    "releaseName": "integration-replicated-app-helm-github",
    "upstream": "__upstream__",
    "metadata": {
      "applicationType": "replicated.app",
      "customerID": "__customerID__",
      "installationID": "__installationID__",
      "license": {
        "assignee": "",
        "createdAt": "0001-01-01T00:00:00Z",
        "expiresAt": "0001-01-01T00:00:00Z",
        "id": "",
        "type": ""
      },
      "releaseNotes": "",
      "sequence": 0,
      "version": "1.0.1-SNAPSHOT"
    }
  }
}
