{
  "v1": {
    "config": {
      "test_option": "abc123_test-option-value"
    },
    "contentSHA": "8256c22bc76d8004b62fcbd1ee2baa0561a4128acf64c8160ebc471eeba63fd7",
    "metadata": {
      "applicationType": "replicated.app",
      "customerID": "-Am-_6i5pw0u4AbspOwKN4lZUCn49u_G",
      "installationID": "RULNveQLrLj4GDum1yQhvKAcABh0GcLY",
      "releaseNotes": "",
      "license": {
        "assignee": "",
        "createdAt": "0001-01-01T00:00:00Z",
        "expiresAt": "0001-01-01T00:00:00Z",
        "id": "",
        "type": ""
      },
      "sequence": 0,
      "version": "0.0.9"
    },
    "releaseName": "integration-test-basic-and-docker",
    "upstream": "__upstream__"
  }
}
