{
  "v1": {
    "config": {
      "option": "abc123"
    },
    "upstream": "__upstream__",
    "contentSHA": "4fea99c11f4bb028df543ecb45045ef18d01f9db664a2df2a764e877f4e112a9",
    "metadata": {
      "applicationType": "replicated.app",
      "customerID": "__customerID__",
      "installationID": "__installationID__",
      "license": {
        "assignee": "",
        "createdAt": "0001-01-01T00:00:00Z",
        "expiresAt": "0001-01-01T00:00:00Z",
        "id": "",
        "type": ""
      },
      "releaseNotes": "integration tests",
      "sequence": 0,
      "version": "1.0.1-SNAPSHOT"
    },
    "releaseName": "integration-replicated-app-github-template-func"
  }
}
