{
  "v1": {
    "config": {},
    "upstream": "staging.replicated.app/some-cool-ci-tool?installation_id=3Z6uuPbVz6jTxRuXHn_l6UlYQz3hWz6-&customer_id=-Am-_6i5pw0u4AbspOwKN4lZUCn49u_G",
    "contentSHA": "8997ab5eed1468dfdcc8953b793a89d39efbcc08cac820f4e6d343f27636d3fc",
    "metadata": {
      "applicationType": "replicated.app",
      "customerID": "-Am-_6i5pw0u4AbspOwKN4lZUCn49u_G",
      "installationID": "3Z6uuPbVz6jTxRuXHn_l6UlYQz3hWz6-",
      "license": {
        "assignee": "",
        "createdAt": "0001-01-01T00:00:00Z",
        "expiresAt": "0001-01-01T00:00:00Z",
        "id": "",
        "type": ""
      },
      "releaseNotes": "integration tests",
      "sequence": 0,
      "version": "1.0.2"
    },
    "releaseName": "integration-replicated-app-basic"
  }
}
