{
  "v1": {
    "config": {},
    "releaseName": "nightly",
    "upstream": "staging.replicated.app/ship-1036?license_id=SGyMREA-1Zi3y61cA9WkPofMz5sNR9et",
    "metadata": {
      "applicationType": "replicated.app",
      "sequence": 0,
      "releaseNotes": "two resources",
      "version": "1.1.0",
      "licenseID": "SGyMREA-1Zi3y61cA9WkPofMz5sNR9et",
      "appSlug": "ship-1036",
      "license": {
        "id": "SGyMREA-1Zi3y61cA9WkPofMz5sNR9et",
        "assignee": "ship 1036 integration test",
        "createdAt": "2019-07-24T17:38:08Z",
        "expiresAt": "0001-01-01T00:00:00Z",
        "type": "dev"
      }
    },
    "shipVersion": {
      "version": "0.48.1",
      "buildTime": "2019-07-10T02:23:12Z",
      "dependencies": {
        "helm": "v2.14.1",
        "kustomize": "v2.0.3",
        "terraform": "v0.11.14"
      },
      "go": {
        "version": "go1.12.7",
        "compiler": "gc",
        "os": "darwin",
        "arch": "amd64"
      }
    },
    "contentSHA": "2149da5f23705cdc2e414ca3ef642d208c0d4c284bc571c1fa489df1dfab7388"
  }
}
