{
  "v1": {
    "config": {},
    "contentSHA": "11be80f75d1f078b2a3d15b5a19149e9d77793d22fb204855721c63ac078ec8c",
    "metadata": {
      "applicationType": "replicated.app",
      "customerID": "-Am-_6i5pw0u4AbspOwKN4lZUCn49u_G",
      "installationID": "RULNveQLrLj4GDum1yQhvKAcABh0GcLY",
      "license": {
        "assignee": "",
        "createdAt": "0001-01-01T00:00:00Z",
        "expiresAt": "0001-01-01T00:00:00Z",
        "id": "",
        "type": ""
      },
      "releaseNotes": "",
      "sequence": 0,
      "version": "0.0.4"
    },
    "releaseName": "integration-test-basic-and-docker",
    "upstream": "__upstream__"
  }
}
