{
  "v1": {
    "config": {
      "option": "abc123",
      "t2_option": "abc123_abc123",
      "t3_option": "abc123_abc123 + abc123"
    },
    "contentSHA": "7a932b97b1b54bc902001db4301aa4b721af45672c820ae835ddd1b82f219e9e",
    "metadata": {
      "applicationType": "replicated.app",
      "customerID": "-Am-_6i5pw0u4AbspOwKN4lZUCn49u_G",
      "installationID": "t6-uzytbbkSoCiLtEfNO62LDIRLFec-2",
      "license": {
        "assignee": "",
        "createdAt": "0001-01-01T00:00:00Z",
        "expiresAt": "0001-01-01T00:00:00Z",
        "id": "",
        "type": ""
      },
      "releaseNotes": "",
      "sequence": 0,
      "version": "0.0.1-test2"
    },
    "releaseName": "integration-tests",
    "upstream": "__upstream__"
  }
}
