{
  "v1": {
    "config": {},
    "contentSHA": "e3f72f22607ef7bde944fed3d0818577fbc9f6d69dca7c544f36b230a680f1a1",
    "metadata": {
      "applicationType": "replicated.app",
      "customerID": "-Am-_6i5pw0u4AbspOwKN4lZUCn49u_G",
      "installationID": "WAtB86RsD8koFOgnAEX63TU0mafWsqAj",
      "releaseNotes": "",
      "license": {
        "assignee": "",
        "createdAt": "0001-01-01T00:00:00Z",
        "expiresAt": "0001-01-01T00:00:00Z",
        "id": "",
        "type": ""
      },
      "sequence": 0,
      "version": "0.0.4"
    },
    "releaseName": "integration-test-helm",
    "upstream": "__upstream__"
  }
}
