---
# Source: jenkins/templates/home-pvc.yaml
kind: PersistentVolumeClaim
apiVersion: v1
metadata:
  name: jenkins
  labels:
    app: jenkins
    chart: "jenkins-0.20.1"
    release: "jenkins"
    heritage: "Tiller"
spec:
  accessModes:
    - "ReadWriteOnce"
  resources:
    requests:
      storage: "8Gi"
