{
  "v1": {
    "config": {
      "option": "value"
    },
    "contentSHA": "ae4f01eeccc34c4d66477e6b1be079ebbab123dd1a4268d19bed9c0c3dd37e7f",
    "metadata": {
      "applicationType": "replicated.app",
      "customerID": "-Am-_6i5pw0u4AbspOwKN4lZUCn49u_G",
      "installationID": "a5jOQ1Fnb5l-a2uXwFf-YFkUukeVWnbU",
      "license": {
        "assignee": "",
        "createdAt": "0001-01-01T00:00:00Z",
        "expiresAt": "0001-01-01T00:00:00Z",
        "id": "",
        "type": ""
      },
      "releaseNotes": "",
      "sequence": 0,
      "version": "0.0.9"
    },
    "releaseName": "integration-test-dockerlayer",
    "upstream": "__upstream__"
  }
}
