{
  "id": "jDtI-DiraCbkN5euJHmbS3kIFw4N1Iw9",
  "sequence": 9091,
  "channelId": "_KVsR5SFu9Rj2IR6dxPhuBYcNIKtw6SI",
  "channelName": "integration-test-docker",
  "channelIcon": "",
  "semver": "1.0.0-SNAPSHOT",
  "releaseNotes": "",
  "spec": "---\nassets:\n  v1:\n    - docker:\n        image: replicated/helloscratch:1.0.0\n        source: public\n        dest: docker/replicated-helloscratch-public.tar\n    - docker:\n        image: registry.staging.replicated.com/alpha/replicated-helloscratch:1.0.0\n        source: replicated-qa\n        dest: docker/replicated-helloscratch-private.tar\nconfig:\n  v1: []\nlifecycle:\n  v1:\n    - render: {}\n",
  "images": [
    {
      "url": "replicated/helloscratch:1.0.0",
      "source": "public",
      "appSlug": "",
      "imageKey": ""
    },
    {
      "url": "registry.staging.replicated.com/alpha/replicated-helloscratch:1.0.0",
      "source": "replicated-qa",
      "appSlug": "",
      "imageKey": "6e8bj5x3cwerg"
    }
  ],
  "githubContents": [],
  "created": "2019-01-18T20:45:25.000Z",
  "registrySecret": "THIS IS NOT A SECRET",
  "entitlements": {
    "meta": {
      "last_updated": "0001-01-01T00:00:00Z",
      "customer_id": ""
    },
    "signature": ""
  }
}